[1/4] render cal_v1 (speaker half A, v1 chain, seed 5) 
5119 clean ASV5 eval clips -> simulated VoIP calls (white/pink/brown noise, SNR 15-35 dB) in C:\Users\Asus\OneDrive\Desktop\Audio-Deepfake-Detection\dataset_calls_cal_v1
    rendered 2000/5119 calls (18/s)
    rendered 4000/5119 calls (19/s)
rendered 5119 calls in 272s -> C:\Users\Asus\OneDrive\Desktop\Audio-Deepfake-Detection\dataset_calls_cal_v1\ASV5.eval.calls.tsv
[2/4] render cal_v2 (speaker half A, v2 chain, seed 5) 
Traceback (most recent call last):
  File "<frozen runpy>", line 203, in _run_module_as_main
  File "<frozen runpy>", line 88, in _run_code
  File "C:\Users\Asus\OneDrive\Desktop\Audio-Deepfake-Detection\src\audiodf\__main__.py", line 3, in <module>
    main()
    ~~~~^^
  File "C:\Users\Asus\OneDrive\Desktop\Audio-Deepfake-Detection\src\audiodf\cli.py", line 371, in main
    args.fn(args, load_settings(args.config))
    ~~~~~~~^^^^^^^^^^^^^^^^^^^^^^^^^^^^^^^^^^
  File "C:\Users\Asus\OneDrive\Desktop\Audio-Deepfake-Detection\src\audiodf\cli.py", line 120, in _cmd_render_calls_v2
    babble = BabblePool.from_index(idx, exclude=exclude)  # background talkers: ASV5 eval speakers, never training ones
  File "C:\Users\Asus\OneDrive\Desktop\Audio-Deepfake-Detection\src\audiodf\data\voip_sim.py", line 130, in from_index
    raise ValueError("babble needs genuine clips of at least 8 different speakers")
ValueError: babble needs genuine clips of at least 8 different speakers
[3/4] score cal_v1 with the served bundle 
  indexed calls/eval: 5119 utts in 65s, 0 without speech
  scoring calls/eval: 5119 of 5119 clips
  scoring wavlm on 5119 clips
  calls/eval   n=  5119 | EER at 10 s: wavlm   3.06%  fused   3.06%
               fused EER by seconds of speech: 2s 4.00%  4s 3.63%  6s 3.47%  8s 3.12%  10s 3.06%
report: C:\Users\Asus\OneDrive\Desktop\Audio-Deepfake-Detection\results\evaluate_calls_eval_cal_v1_run7.json
[4/4] score cal_v2 with the served bundle 
Traceback (most recent call last):
  File "<frozen runpy>", line 203, in _run_module_as_main
  File "<frozen runpy>", line 88, in _run_code
  File "C:\Users\Asus\OneDrive\Desktop\Audio-Deepfake-Detection\src\audiodf\__main__.py", line 3, in <module>
    main()
    ~~~~^^
  File "C:\Users\Asus\OneDrive\Desktop\Audio-Deepfake-Detection\src\audiodf\cli.py", line 373, in main
    args.fn(args, load_settings(args.config))
    ~~~~~~~^^^^^^^^^^^^^^^^^^^^^^^^^^^^^^^^^^
  File "C:\Users\Asus\OneDrive\Desktop\Audio-Deepfake-Detection\src\audiodf\cli.py", line 66, in _cmd_evaluate
    rep = evaluate_artifacts(settings, args.dataset, args.split, args.eval_utts, args.workers, args.limit,
                             branches=tuple(args.branches) if args.branches else None,
                             scores_path=results / f"{name}_scores.csv" if args.save_scores else None)
  File "C:\Users\Asus\OneDrive\Desktop\Audio-Deepfake-Detection\src\audiodf\training\pipeline.py", line 287, in evaluate_artifacts
    rep = evaluate_on(models, settings, dataset, split, n_utts, device, workers, limit, log, risk, scores_path)
  File "C:\Users\Asus\OneDrive\Desktop\Audio-Deepfake-Detection\src\audiodf\training\pipeline.py", line 89, in evaluate_on
    idx = build_index(settings, dataset, split, limit, workers, log, available_only=True)  # test splits may be partial
  File "C:\Users\Asus\OneDrive\Desktop\Audio-Deepfake-Detection\src\audiodf\data\prepare.py", line 144, in build_index
    samples = read_protocol(settings.dataset_root(dataset), split, limit, dataset, available_only)
  File "C:\Users\Asus\OneDrive\Desktop\Audio-Deepfake-Detection\src\audiodf\data\protocol.py", line 116, in read_protocol
    samples = readers[dataset](Path(data_root), split)
  File "C:\Users\Asus\OneDrive\Desktop\Audio-Deepfake-Detection\src\audiodf\data\protocol.py", line 99, in _read_calls
    with open(root / proto) as f:
         ~~~~^^^^^^^^^^^^^^
FileNotFoundError: [Errno 2] No such file or directory: 'C:\\Users\\Asus\\OneDrive\\Desktop\\Audio-Deepfake-Detection\\dataset_calls_cal_v2\\ASV5.eval.calls.tsv'
ALL DONE 
