recipe: run 6 (room echo 30%, noise 65% at 5-35 dB, packet loss on 35% of windows, G.711 added, EnCodec share 7%)
asv5=C:\Users\Asus\OneDrive\Desktop\Audio-Deepfake-Detection\dataset5
artifacts=../artifacts_run6
pool=asv5:train asv5:dev asv19:train asv19:dev  holdout=asv5:A10 asv5:A12 asv5:A15
branches=wavlm  reused=none
rcnn=BiLSTM, epochs=10; wavlm epochs=8, top 4 layers fine-tuned; windows/clip/epoch=1, svm clips=20000, codec aug p=0.4
device=cuda artifacts=..\artifacts_run6 branches=wavlm
[1/6] integrity audit (training pool: asv5:train, asv5:dev, asv19:train, asv19:dev)
  finding (asv5): attacks shared by train and dev: none
  finding (asv5): attacks shared by train and eval: none
  finding (asv5): attacks shared by dev and eval: none
  finding (asv5): train: duration differs between bonafide (14.52) and spoof (10.736)
  finding (asv5): train: leading silence differs between bonafide (0.412) and spoof (0.05)
  finding (asv5): train: trailing silence differs between bonafide (0.213) and spoof (0.025)
  finding (asv5): dev: digital-silence frame fraction (mean) differs between bonafide (0.003) and spoof (0.014)
  finding (asv19): attacks shared by train and dev: ['A01', 'A02', 'A03', 'A04', 'A05', 'A06']
  finding (asv19): attacks shared by train and eval: none
  finding (asv19): attacks shared by dev and eval: none
  finding (asv19): train: leading silence differs between bonafide (1.025) and spoof (0.35)
  finding (asv19): dev: leading silence differs between bonafide (0.838) and spoof (0.35)
  finding (asv19): eval: leading silence differs between bonafide (0.775) and spoof (0.05)
  finding (asv19): eval: trailing silence differs between bonafide (0.825) and spoof (0.175)
[2/6] index clips (decode once, record VAD speech bounds) and split off the tuning set
  training clips: 307454 (260166 spoof, 47288 bonafide), 19 attack systems
  tuning set: held-out attacks asv5:A10, asv5:A12, asv5:A15 + bonafide of 196 held-out asv5:dev speakers: 49077 clips (41106 spoof, 7971 bonafide)
  rendering real-codec copies (ffmpeg; label-blind; cached on disk); room echo 30%, noise 65% at 5-35 dB from ['musan', 'pointsource', 'demand'] + babble + colours, echo from ['sim_rir'] (held-out test corpora not used), EnCodec share 7%; packet loss on 35% of training windows
    rendered 10000/171482 ffmpeg copies (26/s)
    rendered 20000/171482 ffmpeg copies (27/s)
    rendered 30000/171482 ffmpeg copies (26/s)
Traceback (most recent call last):
  File "C:\Users\Asus\OneDrive\Desktop\Audio-Deepfake-Detection\src\run.py", line 109, in <module>
    main()
    ~~~~^^
  File "C:\Users\Asus\OneDrive\Desktop\Audio-Deepfake-Detection\src\run.py", line 105, in main
    run_training(settings, limit=args.limit, workers=args.workers, checkpoints=checkpoints)
    ~~~~~~~~~~~~^^^^^^^^^^^^^^^^^^^^^^^^^^^^^^^^^^^^^^^^^^^^^^^^^^^^^^^^^^^^^^^^^^^^^^^^^^^
  File "C:\Users\Asus\OneDrive\Desktop\Audio-Deepfake-Detection\src\audiodf\training\pipeline.py", line 197, in run_training
    train = render_copies(train, np.nonzero(train.has_speech)[0], settings, settings.data.render_frac,
                          seed=1, log=log, impair=kit)
  File "C:\Users\Asus\OneDrive\Desktop\Audio-Deepfake-Detection\src\audiodf\data\ffmpeg_codecs.py", line 332, in render_copies
    for k, _ in enumerate(pool.map(render_classical, classical), 1):
                ~~~~~~~~~^^^^^^^^^^^^^^^^^^^^^^^^^^^^^^^^^^^^^^^^^^
  File "C:\Program Files\WindowsApps\PythonSoftwareFoundation.Python.3.13_3.13.3824.0_x64__qbz5n2kfra8p0\Lib\concurrent\futures\_base.py", line 625, in result_iterator
    yield _result_or_cancel(fs.pop())
          ~~~~~~~~~~~~~~~~~^^^^^^^^^^
  File "C:\Program Files\WindowsApps\PythonSoftwareFoundation.Python.3.13_3.13.3824.0_x64__qbz5n2kfra8p0\Lib\concurrent\futures\_base.py", line 318, in _result_or_cancel
    return fut.result(timeout)
           ~~~~~~~~~~^^^^^^^^^
  File "C:\Program Files\WindowsApps\PythonSoftwareFoundation.Python.3.13_3.13.3824.0_x64__qbz5n2kfra8p0\Lib\concurrent\futures\_base.py", line 453, in result
    return self.__get_result()
           ~~~~~~~~~~~~~~~~~^^
  File "C:\Program Files\WindowsApps\PythonSoftwareFoundation.Python.3.13_3.13.3824.0_x64__qbz5n2kfra8p0\Lib\concurrent\futures\_base.py", line 402, in __get_result
    raise self._exception
  File "C:\Program Files\WindowsApps\PythonSoftwareFoundation.Python.3.13_3.13.3824.0_x64__qbz5n2kfra8p0\Lib\concurrent\futures\thread.py", line 59, in run
    result = self.fn(*self.args, **self.kwargs)
  File "C:\Users\Asus\OneDrive\Desktop\Audio-Deepfake-Detection\src\audiodf\data\ffmpeg_codecs.py", line 319, in render_classical
    write(i, _ffmpeg_roundtrip(read(i), codec, variant))
                               ~~~~^^^
  File "C:\Users\Asus\OneDrive\Desktop\Audio-Deepfake-Detection\src\audiodf\data\ffmpeg_codecs.py", line 311, in read
    wave = impair.apply(wave, str(idx.utt_id[i]), seed, str(idx.speaker[i]))
  File "C:\Users\Asus\OneDrive\Desktop\Audio-Deepfake-Detection\src\audiodf\data\impairments.py", line 193, in apply
    return apply_impairment(wave, impair_plan(utt_id, seed, self.cfg), self.bank, self.babble, self.cfg, speaker)
  File "C:\Users\Asus\OneDrive\Desktop\Audio-Deepfake-Detection\src\audiodf\data\impairments.py", line 166, in apply_impairment
    noise = babble.sample(len(y), rng, speaker)
  File "C:\Users\Asus\OneDrive\Desktop\Audio-Deepfake-Detection\src\audiodf\data\voip_sim.py", line 147, in sample
    seg = self._segment(int(k), n, rng).astype(np.float64)
          ~~~~~~~~~~~~~^^^^^^^^^^^^^^^^
  File "C:\Users\Asus\OneDrive\Desktop\Audio-Deepfake-Detection\src\audiodf\data\voip_sim.py", line 135, in _segment
    with sf.SoundFile(self.paths[k]) as f:
         ~~~~~~~~~~~~^^^^^^^^^^^^^^^
  File "C:\Users\Asus\AppData\Local\Packages\PythonSoftwareFoundation.Python.3.13_qbz5n2kfra8p0\LocalCache\local-packages\Python313\site-packages\soundfile.py", line 708, in __init__
    self._file = self._open(file, mode_int, closefd)
                 ~~~~~~~~~~^^^^^^^^^^^^^^^^^^^^^^^^^
  File "C:\Users\Asus\AppData\Local\Packages\PythonSoftwareFoundation.Python.3.13_qbz5n2kfra8p0\LocalCache\local-packages\Python313\site-packages\soundfile.py", line 1296, in _open
    raise LibsndfileError(err, prefix=f"Error opening {self.name!r}: ")
soundfile.LibsndfileError: Error opening 'C:\\Users\\Asus\\OneDrive\\Desktop\\Audio-Deepfake-Detection\\dataset\\LA\\LA\\ASVspoof2019_LA_train\\flac/LA_T_2732709.flac': System error.
